<?xml version="1.0" encoding="UTF-8"?>
<testsuites name="jest tests" tests="8" failures="0" time="27.634">
  <testsuite name="smoke test" errors="0" failures="0" skipped="0" timestamp="2020-06-08T22:20:48" time="27.467" tests="8">
    <testcase classname="smoke test prepare test" name="smoke test prepare test" time="10.495">
    </testcase>
    <testcase classname="smoke test accessibility home screen has a Active Carbohydrates Label" name="smoke test accessibility home screen has a Active Carbohydrates Label" time="1.056">
    </testcase>
    <testcase classname="smoke test accessibility home screen has a Active Insulin Label" name="smoke test accessibility home screen has a Active Insulin Label" time="1.062">
    </testcase>
    <testcase classname="smoke test accessibility home screen has a Insulin Delivery Label" name="smoke test accessibility home screen has a Insulin Delivery Label" time="1.052">
    </testcase>
    <testcase classname="smoke test accessibility home screen has a Glucose Label" name="smoke test accessibility home screen has a Glucose Label" time="1.078">
    </testcase>
    <testcase classname="smoke test accessibility home screen has a Settings Button" name="smoke test accessibility home screen has a Settings Button" time="1.022">
    </testcase>
    <testcase classname="smoke test accessibility home screen has a Add Meal Button" name="smoke test accessibility home screen has a Add Meal Button" time="1.032">
    </testcase>
    <testcase classname="smoke test accessibility home screen has a Bolus Button" name="smoke test accessibility home screen has a Bolus Button" time="1.052">
    </testcase>
  </testsuite>
</testsuites>